  Determining projects to restore...
  All projects are up-to-date for restore.
C:\Users\dkatz\Documents\Projects\CSM\Core\VRMessageDisplay.cs(85,68): error CS0234: The type or namespace name 'UI' does not exist in the namespace 'UnityEngine' (are you missing an assembly reference?) [C:\Users\dkatz\Documents\Projects\CSM\CSM.csproj]

Build FAILED.

C:\Users\dkatz\Documents\Projects\CSM\Core\VRMessageDisplay.cs(85,68): error CS0234: The type or namespace name 'UI' does not exist in the namespace 'UnityEngine' (are you missing an assembly reference?) [C:\Users\dkatz\Documents\Projects\CSM\CSM.csproj]
    0 Warning(s)
    1 Error(s)

Time Elapsed 00:00:03.71
